// Jest Snapshot v1, https://goo.gl/fbAQLP

exports[`About renders and matches snapshot 1`] = `
<div
  class="space-y-14 lg:space-y-24"
>
  <main
    class="max-w-4xl mx-auto mt-16"
  >
    <div
      class="container px-4 mx-auto"
    >
      <div
        class="flex flex-col-reverse text-center lg:space-x-5 lg:flex lg:flex-row item-center lg:-mx-4 lg:text-left"
      >
        <div
          class="lg:px-4 lg:mt-12 "
        >
          <h1
            class="text-2xl font-bold text-gray-900 lg:text-5xl dark:text-white"
          >
            The About page,
          </h1>
          <div
            class="mt-6 text-gray-800 dark:text-white"
          >
            <p
              class="mb-4"
            >
              This page is only here to show creating another page and testing it. Feel free to remove it if it serves no purpose.
            </p>
          </div>
        </div>
      </div>
    </div>
  </main>
</div>
`;
